$ git clone https://github.com/Alina-tt/learn-git.git
Cloning into 'learn-git'...
remote: Enumerating objects: 3, done.
remote: Counting objects: 100% (3/3), done.
remote: Total 3 (delta 0), reused 0 (delta 0), pack-reused 0
Receiving objects: 100% (3/3), done.

$ touch test1
$ git status
On branch main
Your branch is up to date with 'origin/main'.

Changes not staged for commit:
  (use "git add <file>..." to update what will be committed)
  (use "git restore <file>..." to discard changes in working directory)
        modified:   test

Untracked files:
  (use "git add <file>..." to include in what will be committed)
        test1

no changes added to commit (use "git add" and/or "git commit -a")

$ git add .

$ git status
On branch main
Your branch is up to date with 'origin/main'.

Changes to be committed:
  (use "git restore --staged <file>..." to unstage)
        modified:   test
        new file:   test1

$ git commit -m modified
[main 23ae792] modified
 2 files changed, 1 insertion(+), 1 deletion(-)
 create mode 100644 test1

$ git push origin
Enumerating objects: 6, done.
Counting objects: 100% (6/6), done.
Delta compression using up to 4 threads
Compressing objects: 100% (2/2), done.
Writing objects: 100% (4/4), 288 bytes | 288.00 KiB/s, done.
Total 4 (delta 0), reused 0 (delta 0), pack-reused 0
To https://github.com/Alina-tt/learn-git.git
   c47698c..23ae792  main -> main

$ git clone https://github.com/Alina-tt/learn-git.git
Cloning into 'learn-git'...
remote: Enumerating objects: 13, done.
remote: Counting objects: 100% (13/13), done.
remote: Compressing objects: 100% (7/7), done.
remote: Total 13 (delta 0), reused 4 (delta 0), pack-reused 0
Receiving objects: 100% (13/13), done.

$ git checkout master
Switched to a new branch 'master'
branch 'master' set up to track 'origin/master'.

$ git stash save
Saved working directory and index state WIP on master: 4e3c16f Update test1

$ git checkout main
Switched to branch 'main'
Your branch is up to date with 'origin/main'.

$ git stash drop
Dropped refs/stash@{0} (3335e3662ba23150f03292ad67eae6a3af0806d1)

$ touch test2

$ git add .


$ git commit -m learning
[main 5a7d58a] learning
 1 file changed, 3 insertions(+)
 create mode 100644 test2


$ git push origin
Enumerating objects: 4, done.
Counting objects: 100% (4/4), done.
Delta compression using up to 4 threads
Compressing objects: 100% (3/3), done.
Writing objects: 100% (3/3), 380 bytes | 380.00 KiB/s, done.
Total 3 (delta 0), reused 0 (delta 0), pack-reused 0
To https://github.com/Alina-tt/learn-git.git
   23ae792..5a7d58a  main -> main

$ touch test_aaa.txt
